
[1m[46m RUN [49m[22m [36mv4.0.15 [39m[90mC:/Users/Amanda/Documents/ClutchCall/ClutchCall[39m

 [32mΓ£ô[39m frontend/tests/AIRecommendations.test.tsx [2m([22m[2m5 tests[22m[2m)[22m[32m 175[2mms[22m[39m
 [32mΓ£ô[39m frontend/tests/BetSlip.test.tsx [2m([22m[2m6 tests[22m[2m)[22m[32m 194[2mms[22m[39m
node.exe : Not implemented: Window's alert() method
At C:\Program Files\nodejs\npx.ps1:29 char:3
+   & $NODE_EXE $NPX_CLI_JS $args
+   ~~~~~~~~~~~~~~~~~~~~~~~~~~~~~
    + CategoryInfo          : NotSpecified: (Not implemented: Window's alert() method:String) [], RemoteException
    + FullyQualifiedErrorId : NativeCommandError
 
[90mstderr[2m | frontend/tests/BetParser.test.tsx[2m > [22m[2mBetParser component[2m > [22m[2mparses bet when button is clicked
[22m[39mParse error: TypeError: Failed to parse URL from /api/parse-bet
[90m    at node:internal/deps/undici/undici:13510:13[39m
[90m    at processTicksAndRejections (node:internal/process/task_queues:105:5)[39m
    at handleParse (C:/Users/Amanda/Documents/ClutchCall/ClutchCall/frontend/components/BetParser.tsx:114:24) {
  [cause]: TypeError: Invalid URL
  [90m    at new URL (node:internal/url:818:25)[39m
      at new URL$1 (file:///C:/Users/Amanda/node_modules/[4mvitest[24m/dist/chunks/index.BspFP3mn.js:556:9)
  [90m    at new Request (node:internal/deps/undici/undici:9586:25)[39m
  [90m    at fetch (node:internal/deps/undici/undici:10315:25)[39m
  [90m    at fetch (node:internal/deps/undici/undici:13508:10)[39m
  [90m    at fetch (node:internal/bootstrap/web/exposed-window-or-worker:75:12)[39m
      at handleParse (C:/Users/Amanda/Documents/ClutchCall/ClutchCall/frontend/components/BetParser.tsx:114:30)
      at HTMLUnknownElement.callCallback 
[90m(C:\Users\Amanda\Documents\ClutchCall\ClutchCall\[39mfrontend\node_modules\[4mreact-dom[24m\cjs\react-dom.development.js:4164:14[90m)[39m
      at HTMLUnknownElement.callTheUserObjectsOperation 
(C:\Users\Amanda\node_modules\[4mjsdom[24m\lib\jsdom\living\generated\EventListener.js:26:30)
      at innerInvokeEventListeners (C:\Users\Amanda\node_modules\[4mjsdom[24m\lib\jsdom\living\events\EventTarget-impl.js:360:16) {
    code: [32m'ERR_INVALID_URL'[39m,
    input: [32m'/api/parse-bet'[39m
  }
}

 [32mΓ£ô[39m frontend/tests/ChatWidget.test.tsx [2m([22m[2m6 tests[22m[2m)[22m[33m 499[2mms[22m[39m
 [32mΓ£ô[39m frontend/tests/BetParser.test.tsx [2m([22m[2m6 tests[22m[2m)[22m[33m 537[2mms[22m[39m
 [31mΓ¥»[39m frontend/tests/BankrollCard.test.tsx [2m([22m[2m5 tests[22m[2m | [22m[31m1 failed[39m[2m)[22m[33m 601[2mms[22m[39m
     [32mΓ£ô[39m renders UI elements correctly[32m 68[2mms[22m[39m
     [32mΓ£ô[39m shows edit input when Edit button is clicked[32m 283[2mms[22m[39m
[31m     [31m├ù[31m updates bankroll when Save is clicked with valid input[39m[32m 125[2mms[22m[39m
     [32mΓ£ô[39m does not update bankroll with invalid input[32m 77[2mms[22m[39m
     [32mΓ£ô[39m updates recommended and conservative units when bankroll prop changes[32m 45[2mms[22m[39m
[90mstderr[2m | frontend/tests/Header.test.tsx[2m > [22m[2mHeader component[2m > [22m[2mrenders main heading with PRO badge
[22m[39mFailed to fetch profile: TypeError: Failed to parse URL from /api/profile
[90m    at node:internal/deps/undici/undici:13510:13[39m
[90m    at processTicksAndRejections (node:internal/process/task_queues:105:5)[39m
    at fetchProfile (C:/Users/Amanda/Documents/ClutchCall/ClutchCall/frontend/components/Header.tsx:34:24) {
  [cause]: TypeError: Invalid URL
  [90m    at new URL (node:internal/url:818:25)[39m
      at new URL$1 (file:///C:/Users/Amanda/node_modules/[4mvitest[24m/dist/chunks/index.BspFP3mn.js:556:9)
  [90m    at new Request (node:internal/deps/undici/undici:9586:25)[39m
  [90m    at fetch (node:internal/deps/undici/undici:10315:25)[39m
  [90m    at fetch (node:internal/deps/undici/undici:13508:10)[39m
  [90m    at fetch (node:internal/bootstrap/web/exposed-window-or-worker:75:12)[39m
      at fetchProfile (C:/Users/Amanda/Documents/ClutchCall/ClutchCall/frontend/components/Header.tsx:34:30)
      at C:/Users/Amanda/Documents/ClutchCall/ClutchCall/frontend/components/Header.tsx:29:5
      at commitHookEffectListMount 
[90m(C:\Users\Amanda\Documents\ClutchCall\ClutchCall\[39mfrontend\node_modules\[4mreact-dom[24m\cjs\react-dom.development.js:23189:26[90m)[39m
      at commitPassiveMountOnFiber 
[90m(C:\Users\Amanda\Documents\ClutchCall\ClutchCall\[39mfrontend\node_modules\[4mreact-dom[24m\cjs\react-dom.development.js:24970:11[90m)[39m 
{
    code: [32m'ERR_INVALID_URL'[39m,
    input: [32m'/api/profile'[39m
  }
}

[90mstderr[2m | frontend/tests/Header.test.tsx[2m > [22m[2mHeader component[2m > [22m[2mrenders the subtitle text
[22m[39mFailed to fetch profile: TypeError: Failed to parse URL from /api/profile
[90m    at node:internal/deps/undici/undici:13510:13[39m
[90m    at processTicksAndRejections (node:internal/process/task_queues:105:5)[39m
    at fetchProfile (C:/Users/Amanda/Documents/ClutchCall/ClutchCall/frontend/components/Header.tsx:34:24) {
  [cause]: TypeError: Invalid URL
  [90m    at new URL (node:internal/url:818:25)[39m
      at new URL$1 (file:///C:/Users/Amanda/node_modules/[4mvitest[24m/dist/chunks/index.BspFP3mn.js:556:9)
  [90m    at new Request (node:internal/deps/undici/undici:9586:25)[39m
  [90m    at fetch (node:internal/deps/undici/undici:10315:25)[39m
  [90m    at fetch (node:internal/deps/undici/undici:13508:10)[39m
  [90m    at fetch (node:internal/bootstrap/web/exposed-window-or-worker:75:12)[39m
      at fetchProfile (C:/Users/Amanda/Documents/ClutchCall/ClutchCall/frontend/components/Header.tsx:34:30)
      at C:/Users/Amanda/Documents/ClutchCall/ClutchCall/frontend/components/Header.tsx:29:5
      at commitHookEffectListMount 
[90m(C:\Users\Amanda\Documents\ClutchCall\ClutchCall\[39mfrontend\node_modules\[4mreact-dom[24m\cjs\react-dom.development.js:23189:26[90m)[39m
      at commitPassiveMountOnFiber 
[90m(C:\Users\Amanda\Documents\ClutchCall\ClutchCall\[39mfrontend\node_modules\[4mreact-dom[24m\cjs\react-dom.development.js:24970:11[90m)[39m 
{
    code: [32m'ERR_INVALID_URL'[39m,
    input: [32m'/api/profile'[39m
  }
}

[90mstderr[2m | frontend/tests/Header.test.tsx[2m > [22m[2mHeader component[2m > [22m[2mrenders settings button
[22m[39mFailed to fetch profile: TypeError: Failed to parse URL from /api/profile
[90m    at node:internal/deps/undici/undici:13510:13[39m
[90m    at processTicksAndRejections (node:internal/process/task_queues:105:5)[39m
    at fetchProfile (C:/Users/Amanda/Documents/ClutchCall/ClutchCall/frontend/components/Header.tsx:34:24) {
  [cause]: TypeError: Invalid URL
  [90m    at new URL (node:internal/url:818:25)[39m
      at new URL$1 (file:///C:/Users/Amanda/node_modules/[4mvitest[24m/dist/chunks/index.BspFP3mn.js:556:9)
  [90m    at new Request (node:internal/deps/undici/undici:9586:25)[39m
  [90m    at fetch (node:internal/deps/undici/undici:10315:25)[39m
  [90m    at fetch (node:internal/deps/undici/undici:13508:10)[39m
  [90m    at fetch (node:internal/bootstrap/web/exposed-window-or-worker:75:12)[39m
      at fetchProfile (C:/Users/Amanda/Documents/ClutchCall/ClutchCall/frontend/components/Header.tsx:34:30)
      at C:/Users/Amanda/Documents/ClutchCall/ClutchCall/frontend/components/Header.tsx:29:5
      at commitHookEffectListMount 
[90m(C:\Users\Amanda\Documents\ClutchCall\ClutchCall\[39mfrontend\node_modules\[4mreact-dom[24m\cjs\react-dom.development.js:23189:26[90m)[39m
      at commitPassiveMountOnFiber 
[90m(C:\Users\Amanda\Documents\ClutchCall\ClutchCall\[39mfrontend\node_modules\[4mreact-dom[24m\cjs\react-dom.development.js:24970:11[90m)[39m 
{
    code: [32m'ERR_INVALID_URL'[39m,
    input: [32m'/api/profile'[39m
  }
}

 [32mΓ£ô[39m frontend/tests/Header.test.tsx [2m([22m[2m3 tests[22m[2m)[22m[33m 323[2mms[22m[39m
 [32mΓ£ô[39m frontend/tests/LandingPage.test.tsx [2m([22m[2m4 tests[22m[2m)[22m[33m 771[2mms[22m[39m
     [33m[2mΓ£ô[22m[39m renders the main heading [33m 461[2mms[22m[39m
[90mstderr[2m | frontend/tests/Dashboard.test.tsx[2m > [22m[2mDashboard component[2m > [22m[2mcan place a bet if bankroll is sufficient
[22m[39mFailed to fetch profile: TypeError: Failed to parse URL from /api/profile
[90m    at node:internal/deps/undici/undici:13510:13[39m
[90m    at processTicksAndRejections (node:internal/process/task_queues:105:5)[39m
    at fetchProfile (C:/Users/Amanda/Documents/ClutchCall/ClutchCall/frontend/components/Header.tsx:34:24) {
  [cause]: TypeError: Invalid URL
  [90m    at new URL (node:internal/url:818:25)[39m
      at new URL$1 (file:///C:/Users/Amanda/node_modules/[4mvitest[24m/dist/chunks/index.BspFP3mn.js:556:9)
  [90m    at new Request (node:internal/deps/undici/undici:9586:25)[39m
  [90m    at fetch (node:internal/deps/undici/undici:10315:25)[39m
  [90m    at fetch (node:internal/deps/undici/undici:13508:10)[39m
  [90m    at fetch (node:internal/bootstrap/web/exposed-window-or-worker:75:12)[39m
      at fetchProfile (C:/Users/Amanda/Documents/ClutchCall/ClutchCall/frontend/components/Header.tsx:34:30)
      at C:/Users/Amanda/Documents/ClutchCall/ClutchCall/frontend/components/Header.tsx:29:5
      at commitHookEffectListMount 
[90m(C:\Users\Amanda\Documents\ClutchCall\ClutchCall\[39mfrontend\node_modules\[4mreact-dom[24m\cjs\react-dom.development.js:23189:26[90m)[39m
      at commitPassiveMountOnFiber 
[90m(C:\Users\Amanda\Documents\ClutchCall\ClutchCall\[39mfrontend\node_modules\[4mreact-dom[24m\cjs\react-dom.development.js:24970:11[90m)[39m 
{
    code: [32m'ERR_INVALID_URL'[39m,
    input: [32m'/api/profile'[39m
  }
}

[90mstderr[2m | frontend/tests/Dashboard.test.tsx[2m > [22m[2mDashboard component[2m > [22m[2mshows disabled button if bankroll is 
insufficient
[22m[39mFailed to fetch profile: TypeError: Failed to parse URL from /api/profile
[90m    at node:internal/deps/undici/undici:13510:13[39m
    at fetchProfile (C:/Users/Amanda/Documents/ClutchCall/ClutchCall/frontend/components/Header.tsx:34:24) {
  [cause]: TypeError: Invalid URL
  [90m    at new URL (node:internal/url:818:25)[39m
      at new URL$1 (file:///C:/Users/Amanda/node_modules/[4mvitest[24m/dist/chunks/index.BspFP3mn.js:556:9)
  [90m    at new Request (node:internal/deps/undici/undici:9586:25)[39m
  [90m    at fetch (node:internal/deps/undici/undici:10315:25)[39m
  [90m    at fetch (node:internal/deps/undici/undici:13508:10)[39m
  [90m    at fetch (node:internal/bootstrap/web/exposed-window-or-worker:75:12)[39m
      at fetchProfile (C:/Users/Amanda/Documents/ClutchCall/ClutchCall/frontend/components/Header.tsx:34:30)
      at C:/Users/Amanda/Documents/ClutchCall/ClutchCall/frontend/components/Header.tsx:29:5
      at commitHookEffectListMount 
[90m(C:\Users\Amanda\Documents\ClutchCall\ClutchCall\[39mfrontend\node_modules\[4mreact-dom[24m\cjs\react-dom.development.js:23189:26[90m)[39m
      at commitPassiveMountOnFiber 
[90m(C:\Users\Amanda\Documents\ClutchCall\ClutchCall\[39mfrontend\node_modules\[4mreact-dom[24m\cjs\react-dom.development.js:24970:11[90m)[39m 
{
    code: [32m'ERR_INVALID_URL'[39m,
    input: [32m'/api/profile'[39m
  }
}

[90mstderr[2m | frontend/tests/Dashboard.test.tsx[2m > [22m[2mDashboard component[2m > [22m[2mcan clear the bet slip
[22m[39mFailed to fetch profile: TypeError: Failed to parse URL from /api/profile
[90m    at node:internal/deps/undici/undici:13510:13[39m
    at fetchProfile (C:/Users/Amanda/Documents/ClutchCall/ClutchCall/frontend/components/Header.tsx:34:24) {
  [cause]: TypeError: Invalid URL
  [90m    at new URL (node:internal/url:818:25)[39m
      at new URL$1 (file:///C:/Users/Amanda/node_modules/[4mvitest[24m/dist/chunks/index.BspFP3mn.js:556:9)
  [90m    at new Request (node:internal/deps/undici/undici:9586:25)[39m
  [90m    at fetch (node:internal/deps/undici/undici:10315:25)[39m
  [90m    at fetch (node:internal/deps/undici/undici:13508:10)[39m
  [90m    at fetch (node:internal/bootstrap/web/exposed-window-or-worker:75:12)[39m
      at fetchProfile (C:/Users/Amanda/Documents/ClutchCall/ClutchCall/frontend/components/Header.tsx:34:30)
      at C:/Users/Amanda/Documents/ClutchCall/ClutchCall/frontend/components/Header.tsx:29:5
      at commitHookEffectListMount 
[90m(C:\Users\Amanda\Documents\ClutchCall\ClutchCall\[39mfrontend\node_modules\[4mreact-dom[24m\cjs\react-dom.development.js:23189:26[90m)[39m
      at commitPassiveMountOnFiber 
[90m(C:\Users\Amanda\Documents\ClutchCall\ClutchCall\[39mfrontend\node_modules\[4mreact-dom[24m\cjs\react-dom.development.js:24970:11[90m)[39m 
{
    code: [32m'ERR_INVALID_URL'[39m,
    input: [32m'/api/profile'[39m
  }
}

 [32mΓ£ô[39m frontend/tests/Login.test.tsx [2m([22m[2m7 tests[22m[2m)[22m[33m 1627[2mms[22m[39m
     [33m[2mΓ£ô[22m[39m allows user to type email and password [33m 767[2mms[22m[39m
     [33m[2mΓ£ô[22m[39m form can be submitted with email and password [33m 570[2mms[22m[39m
 [32mΓ£ô[39m frontend/tests/Dashboard.test.tsx [2m([22m[2m3 tests[22m[2m)[22m[33m 1332[2mms[22m[39m
     [33m[2mΓ£ô[22m[39m can place a bet if bankroll is sufficient [33m 675[2mms[22m[39m
     [33m[2mΓ£ô[22m[39m shows disabled button if bankroll is insufficient [33m 396[2mms[22m[39m

[31mΓÄ»ΓÄ»ΓÄ»ΓÄ»ΓÄ»ΓÄ»ΓÄ»[39m[1m[41m Failed Tests 1 [49m[22m[31mΓÄ»ΓÄ»ΓÄ»ΓÄ»ΓÄ»ΓÄ»ΓÄ»[39m

[41m[1m FAIL [22m[49m frontend/tests/BankrollCard.test.tsx[2m > [22mBankrollCard component[2m > [22mupdates bankroll when Save is clicked 
with valid input
[31m[1mError[22m: [2mexpect([22m[31melement[31m[2m).not.toBeInTheDocument()[22m

[31mexpected document not to contain element, found <button
  class="bg-emerald-500 text-white px-3 py-1 rounded text-xs hover:bg-emerald-600 disabled:opacity-50"
>
  Save
</button> instead[31m[39m
[36m [2mΓ¥»[22m frontend/tests/BankrollCard.test.tsx:[2m49:33[22m[39m
    [90m 47| [39m    [90m// 2. Close the edit mode (Save button disappears)[39m
    [90m 48| [39m    const saveButtonAfter = screen.queryByRole('button', { name: /saveΓÇª
    [90m 49| [39m    [34mexpect[39m(saveButtonAfter)[33m.[39mnot[33m.[39m[34mtoBeInTheDocument[39m()[33m;[39m
    [90m   | [39m                                [31m^[39m
    [90m 50| [39m  })[33m;[39m
    [90m 51| [39m

[31m[2mΓÄ»ΓÄ»ΓÄ»ΓÄ»ΓÄ»ΓÄ»ΓÄ»ΓÄ»ΓÄ»ΓÄ»ΓÄ»ΓÄ»ΓÄ»ΓÄ»ΓÄ»ΓÄ»ΓÄ»ΓÄ»ΓÄ»ΓÄ»ΓÄ»ΓÄ»ΓÄ»ΓÄ»[1/1]ΓÄ»[22m[39m


[2m Test Files [22m [1m[31m1 failed[39m[22m[2m | [22m[1m[32m8 passed[39m[22m[90m (9)[39m
[2m      Tests [22m [1m[31m1 failed[39m[22m[2m | [22m[1m[32m44 passed[39m[22m[90m (45)[39m
[2m   Start at [22m 01:34:32
[2m   Duration [22m 4.08s[2m (transform 1.39s, setup 1.48s, import 7.03s, tests 6.06s, environment 10.68s)[22m

